HiCool working directory ::: /__w/HiCool/HiCool/docs/reference
HiCool argument ::: r1: /github/home/.cache/R/ExperimentHub/16b8a4ef994_7833
HiCool argument ::: r2: /github/home/.cache/R/ExperimentHub/16b86dfe8e65_7834
HiCool argument ::: genome: /tmp/RtmpHqc8oD/R64-1-1
HiCool argument ::: resolutions: 
HiCool argument ::: restriction: DpnII,HinfI
HiCool argument ::: iterative: TRUE
HiCool argument ::: balancing_args:  --min-nnz 10 --mad-max 5 
HiCool argument ::: threads: 1
HiCool argument ::: output: ./HiCool/
HiCool argument ::: exclude_chr: Mito|chrM|MT
HiCool argument ::: keep_bam: FALSE
HiCool argument ::: scratch: /tmp/RtmpHqc8oD
----------------
## hicstuff: v3.1.5 log file
## date: 2024-09-30 12:18:42
## enzyme: DpnII,HinfI
## input1: /github/home/.cache/R/ExperimentHub/16b8a4ef994_7833 
## input2: /github/home/.cache/R/ExperimentHub/16b86dfe8e65_7834
## ref: /tmp/RtmpHqc8oD/R64-1-1
---
2024-09-30,12:18:45 :: INFO :: 100000 reads to parse
2024-09-30,12:18:45 :: INFO :: Truncating unaligned reads to 20bp and mapping.
2024-09-30,12:18:47 :: INFO :: 19256 reads left to map.
2024-09-30,12:18:47 :: INFO :: Trying to map unaligned reads at full length (35bp).
2024-09-30,12:18:48 :: INFO :: 18387 reads left to map.
2024-09-30,12:18:48 :: INFO :: 81613 reads aligned / 100000 total reads.
2024-09-30,12:18:48 :: INFO :: 100000 reads to parse
2024-09-30,12:18:48 :: INFO :: Truncating unaligned reads to 20bp and mapping.
2024-09-30,12:18:51 :: INFO :: 20617 reads left to map.
2024-09-30,12:18:51 :: INFO :: Trying to map unaligned reads at full length (35bp).
2024-09-30,12:18:52 :: INFO :: 19373 reads left to map.
2024-09-30,12:18:52 :: INFO :: 80627 reads aligned / 100000 total reads.
2024-09-30,12:18:55 :: INFO :: 81% reads (single ends) mapped with Q >= 10.0 (162240/200000)
2024-09-30,12:18:58 :: INFO :: Filtering with thresholds: uncuts=7 loops=7
2024-09-30,12:18:59 :: INFO :: Proportion of inter contacts: 22.03% (intra: 48089, inter: 13589)
2024-09-30,12:18:59 :: INFO :: 12315 pairs discarded: Loops: 2205, Uncuts: 10027, Weirds: 83
2024-09-30,12:18:59 :: INFO :: 61678 pairs kept (83.36%)
2024-09-30,12:19:01 :: INFO :: 1% PCR duplicates have been filtered out (719 / 61678 pairs) 
2024-09-30,12:19:03 :: INFO :: Contact map generated after 0h 0m 20s
